// Vitest Snapshot v1, https://vitest.dev/guide/snapshot.html

exports[`layout engine (histomap tiling) > matches the stable fixture snapshot 1`] = `
[
  {
    "d": 0,
    "h": 198,
    "id": "sumer",
    "steps": 2,
    "w": 507,
    "x": 340,
    "y": 0,
  },
  {
    "d": 0,
    "h": 24,
    "id": "akkadian-empire",
    "steps": 2,
    "w": 389,
    "x": 340,
    "y": 198,
  },
  {
    "d": 0,
    "h": 60,
    "id": "old-kingdom-egypt",
    "steps": 1,
    "w": 231,
    "x": 340,
    "y": 156,
  },
  {
    "d": 0,
    "h": 60,
    "id": "new-kingdom-egypt",
    "steps": 1,
    "w": 275,
    "x": 340,
    "y": 294,
  },
  {
    "d": 0,
    "h": 68,
    "id": "achaemenid-empire",
    "steps": 2,
    "w": 575,
    "x": 0,
    "y": 513,
  },
  {
    "d": 0,
    "h": 85,
    "id": "seleucid-empire",
    "steps": 1,
    "w": 140,
    "x": 221,
    "y": 598,
  },
  {
    "d": 0,
    "h": 153,
    "id": "roman-republic",
    "steps": 1,
    "w": 221,
    "x": 0,
    "y": 530,
  },
  {
    "d": 0,
    "h": 153,
    "id": "roman-empire",
    "steps": 1,
    "w": 297,
    "x": 0,
    "y": 683,
  },
  {
    "d": 0,
    "h": 34,
    "id": "western-roman-empire",
    "steps": 1,
    "w": 149,
    "x": 0,
    "y": 836,
  },
  {
    "d": 0,
    "h": 357,
    "id": "byzantine-empire",
    "steps": 3,
    "w": 438,
    "x": 149,
    "y": 836,
  },
  {
    "d": 0,
    "h": 119,
    "id": "frankish-kingdom",
    "steps": 1,
    "w": 214,
    "x": 0,
    "y": 870,
  },
  {
    "d": 0,
    "h": 51,
    "id": "west-francia",
    "steps": 2,
    "w": 289,
    "x": 0,
    "y": 989,
  },
  {
    "d": 0,
    "h": 34,
    "id": "east-francia",
    "steps": 1,
    "w": 96,
    "x": 0,
    "y": 989,
  },
  {
    "d": 0,
    "h": 153,
    "id": "wessex",
    "steps": 2,
    "w": 193,
    "x": 96,
    "y": 870,
  },
  {
    "d": 0,
    "h": 502,
    "id": "holy-roman-empire",
    "steps": 2,
    "w": 289,
    "x": 0,
    "y": 1023,
  },
  {
    "d": 0,
    "h": 514,
    "id": "ottoman-empire",
    "steps": 3,
    "w": 788,
    "x": 0,
    "y": 1142,
  },
  {
    "d": 0,
    "h": 136,
    "id": "han-dynasty",
    "steps": 2,
    "w": 355,
    "x": 297,
    "y": 632,
  },
  {
    "d": 0,
    "h": 102,
    "id": "tang-dynasty",
    "steps": 1,
    "w": 269,
    "x": 588,
    "y": 904,
  },
  {
    "d": 0,
    "h": 34,
    "id": "maurya-empire",
    "steps": 1,
    "w": 216,
    "x": 361,
    "y": 598,
  },
  {
    "d": 0,
    "h": 158,
    "id": "japan",
    "steps": 2,
    "w": 575,
    "x": 0,
    "y": 1604,
  },
]
`;
