// Vitest Snapshot v1, https://vitest.dev/guide/snapshot.html

exports[`layout engine (histomap tiling) > matches the stable fixture snapshot 1`] = `
[
  {
    "d": 0,
    "h": 198,
    "id": "sumer",
    "steps": 2,
    "w": 220,
    "x": 459,
    "y": 0,
  },
  {
    "d": 0,
    "h": 24,
    "id": "akkadian-empire",
    "steps": 2,
    "w": 220,
    "x": 459,
    "y": 198,
  },
  {
    "d": 0,
    "h": 60,
    "id": "old-kingdom-egypt",
    "steps": 1,
    "w": 119,
    "x": 340,
    "y": 156,
  },
  {
    "d": 0,
    "h": 60,
    "id": "new-kingdom-egypt",
    "steps": 1,
    "w": 83,
    "x": 340,
    "y": 294,
  },
  {
    "d": 0,
    "h": 68,
    "id": "achaemenid-empire",
    "steps": 1,
    "w": 184,
    "x": 495,
    "y": 513,
  },
  {
    "d": 0,
    "h": 85,
    "id": "seleucid-empire",
    "steps": 2,
    "w": 195,
    "x": 495,
    "y": 598,
  },
  {
    "d": 0,
    "h": 153,
    "id": "roman-republic",
    "steps": 1,
    "w": 216,
    "x": 120,
    "y": 530,
  },
  {
    "d": 0,
    "h": 153,
    "id": "roman-empire",
    "steps": 1,
    "w": 216,
    "x": 120,
    "y": 683,
  },
  {
    "d": 0,
    "h": 34,
    "id": "western-roman-empire",
    "steps": 1,
    "w": 69,
    "x": 120,
    "y": 836,
  },
  {
    "d": 0,
    "h": 357,
    "id": "byzantine-empire",
    "steps": 4,
    "w": 295,
    "x": 85,
    "y": 836,
  },
  {
    "d": 0,
    "h": 119,
    "id": "frankish-kingdom",
    "steps": 1,
    "w": 37,
    "x": 0,
    "y": 870,
  },
  {
    "d": 0,
    "h": 51,
    "id": "west-francia",
    "steps": 2,
    "w": 85,
    "x": 0,
    "y": 989,
  },
  {
    "d": 0,
    "h": 34,
    "id": "east-francia",
    "steps": 1,
    "w": 16,
    "x": 0,
    "y": 989,
  },
  {
    "d": 0,
    "h": 153,
    "id": "wessex",
    "steps": 2,
    "w": 68,
    "x": 16,
    "y": 870,
  },
  {
    "d": 0,
    "h": 502,
    "id": "holy-roman-empire",
    "steps": 1,
    "w": 70,
    "x": 49,
    "y": 1023,
  },
  {
    "d": 0,
    "h": 514,
    "id": "ottoman-empire",
    "steps": 2,
    "w": 116,
    "x": 380,
    "y": 1142,
  },
  {
    "d": 0,
    "h": 136,
    "id": "han-dynasty",
    "steps": 2,
    "w": 92,
    "x": 690,
    "y": 632,
  },
  {
    "d": 0,
    "h": 102,
    "id": "tang-dynasty",
    "steps": 1,
    "w": 81,
    "x": 701,
    "y": 904,
  },
  {
    "d": 0,
    "h": 34,
    "id": "maurya-empire",
    "steps": 1,
    "w": 22,
    "x": 679,
    "y": 598,
  },
  {
    "d": 0,
    "h": 158,
    "id": "japan",
    "steps": 1,
    "w": 22,
    "x": 782,
    "y": 1604,
  },
]
`;
