// Vitest Snapshot v1, https://vitest.dev/guide/snapshot.html

exports[`layout engine > matches the stable fixture snapshot 1`] = `
[
  {
    "d": 0,
    "h": 117,
    "id": "sumer",
    "w": 200,
    "x": 421,
    "y": 0,
  },
  {
    "d": 0,
    "h": 13,
    "id": "akkadian-empire",
    "w": 150,
    "x": 421,
    "y": 117,
  },
  {
    "d": 0,
    "h": 35,
    "id": "old-kingdom-egypt",
    "w": 200,
    "x": 221,
    "y": 92,
  },
  {
    "d": 0,
    "h": 34,
    "id": "new-kingdom-egypt",
    "w": 200,
    "x": 221,
    "y": 172,
  },
  {
    "d": 0,
    "h": 44,
    "id": "achaemenid-empire",
    "w": 250,
    "x": 393,
    "y": 300,
  },
  {
    "d": 0,
    "h": 50,
    "id": "seleucid-empire",
    "w": 186,
    "x": 403,
    "y": 348,
  },
  {
    "d": 0,
    "h": 96,
    "id": "roman-republic",
    "w": 307,
    "x": 87,
    "y": 308,
  },
  {
    "d": 0,
    "h": 84,
    "id": "roman-empire",
    "w": 651,
    "x": 87,
    "y": 405,
  },
  {
    "d": 0,
    "h": 16,
    "id": "western-roman-empire",
    "w": 413,
    "x": 87,
    "y": 489,
  },
  {
    "d": 0,
    "h": 212,
    "id": "byzantine-empire",
    "w": 250,
    "x": 600,
    "y": 489,
  },
  {
    "d": 0,
    "h": 72,
    "id": "frankish-kingdom",
    "w": 200,
    "x": 0,
    "y": 506,
  },
  {
    "d": 0,
    "h": 29,
    "id": "west-francia",
    "w": 100,
    "x": 300,
    "y": 579,
  },
  {
    "d": 0,
    "h": 24,
    "id": "east-francia",
    "w": 200,
    "x": 0,
    "y": 579,
  },
  {
    "d": 0,
    "h": 82,
    "id": "wessex",
    "w": 100,
    "x": 200,
    "y": 514,
  },
  {
    "d": 0,
    "h": 291,
    "id": "holy-roman-empire",
    "w": 200,
    "x": 400,
    "y": 602,
  },
  {
    "d": 0,
    "h": 293,
    "id": "ottoman-empire",
    "w": 250,
    "x": 850,
    "y": 670,
  },
  {
    "d": 0,
    "h": 84,
    "id": "han-dynasty",
    "w": 250,
    "x": 789,
    "y": 370,
  },
  {
    "d": 0,
    "h": 58,
    "id": "tang-dynasty",
    "w": 250,
    "x": 850,
    "y": 534,
  },
  {
    "d": 0,
    "h": 27,
    "id": "maurya-empire",
    "w": 200,
    "x": 589,
    "y": 346,
  },
  {
    "d": 0,
    "h": 95,
    "id": "japan",
    "w": 200,
    "x": 1100,
    "y": 931,
  },
]
`;
